
Last login: 2025-12-08 20:26:07 from 128.40.19.117
User "cceadan" has logged in 39 times in the past 30 days
ae6000m-22-29-201# 
ae6000m-22-29-201# 
ae6000m-22-29-201# no page
ae6000m-22-29-201# 
ae6000m-22-29-201# support-mode
Invalid input: support-mode
ae6000m-22-29-201# 
ae6000m-22-29-201# configure term
ae6000m-22-29-201(config)# 
ae6000m-22-29-201(config)# 
ae6000m-22-29-201(config)# interface 1/1/1
Invalid input: interface
ae6000m-22-29-201(config)# vlan access 807
Invalid input: vlan
ae6000m-22-29-201(config)# description QSC 110F LAN A
Invalid input: description
ae6000m-22-29-201(config)# 
ae6000m-22-29-201(config)# interface 1/1/2
Invalid input: interface
ae6000m-22-29-201(config)# vlan access 909
Invalid input: vlan
ae6000m-22-29-201(config)# description QSC 110F LAN B
Invalid input: description
ae6000m-22-29-201(config)# 
ae6000m-22-29-201(config)# interface 1/1/3
Invalid input: interface
ae6000m-22-29-201(config)# vlan access 909
Invalid input: vlan
ae6000m-22-29-201(config)# description Sennheiser Mobile Connect - DANTE
Invalid input: description
ae6000m-22-29-201(config)# 
ae6000m-22-29-201(config)# interface 1/1/4
Invalid input: interface
ae6000m-22-29-201(config)# vlan access 909
Invalid input: vlan
ae6000m-22-29-201(config)# description Sennheiser Mobile Connect - LAN
Invalid input: description
ae6000m-22-29-201(config)# 
ae6000m-22-29-201(config)# interface 1/1/5
Invalid input: interface
ae6000m-22-29-201(config)# vlan access 909
Invalid input: vlan
ae6000m-22-29-201(config)# description Sennheiser Mobile Connect - POE
Invalid input: description
ae6000m-22-29-201(config)# 
ae6000m-22-29-201(config)# interface 1/1/6
Invalid input: interface
ae6000m-22-29-201(config)# vlan access 712
Invalid input: vlan
ae6000m-22-29-201(config)# description Epiphan
Invalid input: description
ae6000m-22-29-201(config)# 
ae6000m-22-29-201(config)# interface 1/1/7
Invalid input: interface
ae6000m-22-29-201(config)# vlan access 12
Invalid input: vlan
ae6000m-22-29-201(config)# description UCL Resident PC
Invalid input: description
ae6000m-22-29-201(config)# 
ae6000m-22-29-201(config)# interface 1/1/8
Invalid input: interface
ae6000m-22-29-201(config)# vlan access 909
Invalid input: vlan
ae6000m-22-29-201(config)# description Gude Rack PDU
Invalid input: description
ae6000m-22-29-201(config)# 
ae6000m-22-29-201(config)# interface 1/1/9
Invalid input: interface
ae6000m-22-29-201(config)# vlan access 909
Invalid input: vlan
ae6000m-22-29-201(config)# description Wolfvision VZ-3neo.UHD
Invalid input: description
ae6000m-22-29-201(config)# 
ae6000m-22-29-201(config)# interface 1/1/10
Invalid input: interface
ae6000m-22-29-201(config)# vlan access 530
Invalid input: vlan
ae6000m-22-29-201(config)# description Crestron TSW-770-B-S
Invalid input: description
ae6000m-22-29-201(config)# 
ae6000m-22-29-201(config)# interface 1/1/11
Invalid input: interface
ae6000m-22-29-201(config)# vlan access 530
Invalid input: vlan
ae6000m-22-29-201(config)# description Crestron RMC4
Invalid input: description
ae6000m-22-29-201(config)# 
ae6000m-22-29-201(config)# interface 1/1/12
Invalid input: interface
ae6000m-22-29-201(config)# vlan access 909
Invalid input: vlan
ae6000m-22-29-201(config)# description Ampetonic - DANTE
Invalid input: description
ae6000m-22-29-201(config)# 
ae6000m-22-29-201(config)# interface 1/1/13
Invalid input: interface
ae6000m-22-29-201(config)# vlan access 909
Invalid input: vlan
ae6000m-22-29-201(config)# description Ampetonic - LAN
Invalid input: description
ae6000m-22-29-201(config)# 
ae6000m-22-29-201(config)# interface 1/1/14
Invalid input: interface
ae6000m-22-29-201(config)# vlan access 909
Invalid input: vlan
ae6000m-22-29-201(config)# 
ae6000m-22-29-201(config)# 
ae6000m-22-29-201(config)# interface 1/1/15
Invalid input: interface
ae6000m-22-29-201(config)# vlan access 530
Invalid input: vlan
ae6000m-22-29-201(config)# 
ae6000m-22-29-201(config)# 
ae6000m-22-29-201(config)# interface 1/1/16
Invalid input: interface
ae6000m-22-29-201(config)# vlan access 707
Invalid input: vlan
ae6000m-22-29-201(config)# 
ae6000m-22-29-201(config)# 
ae6000m-22-29-201(config)# interface 1/1/17
Invalid input: interface
ae6000m-22-29-201(config)# vlan access 707
Invalid input: vlan
ae6000m-22-29-201(config)# description Crestron NVX 363-C
Invalid input: description
ae6000m-22-29-201(config)# 
ae6000m-22-29-201(config)# interface 1/1/18
Invalid input: interface
ae6000m-22-29-201(config)# vlan access 707
Invalid input: vlan
ae6000m-22-29-201(config)# description Crestron NVX D30-C
Invalid input: description
ae6000m-22-29-201(config)# 
ae6000m-22-29-201(config)# interface 1/1/19
Invalid input: interface
ae6000m-22-29-201(config)# vlan access 707
Invalid input: vlan
ae6000m-22-29-201(config)# description Crestron NVX D30-C
Invalid input: description
ae6000m-22-29-201(config)# 
ae6000m-22-29-201(config)# interface 1/1/20
Invalid input: interface
ae6000m-22-29-201(config)# vlan access 707
Invalid input: vlan
ae6000m-22-29-201(config)# description Crestron NVX E30-C
Invalid input: description
ae6000m-22-29-201(config)# 
ae6000m-22-29-201(config)# interface 1/1/21
Invalid input: interface
ae6000m-22-29-201(config)# vlan access 707
Invalid input: vlan
ae6000m-22-29-201(config)# description Crestron NVX E30-C
Invalid input: description
ae6000m-22-29-201(config)# 
ae6000m-22-29-201(config)# interface 1/1/22
Invalid input: interface
ae6000m-22-29-201(config)# vlan access 707
Invalid input: vlan
ae6000m-22-29-201(config)# description Crestron NVX E30-C
Invalid input: description
ae6000m-22-29-201(config)# 
ae6000m-22-29-201(config)# interface 1/1/23
Invalid input: interface
ae6000m-22-29-201(config)# vlan access 707
Invalid input: vlan
ae6000m-22-29-201(config)# description Crestron NVX 384-C
Invalid input: description
ae6000m-22-29-201(config)# 
ae6000m-22-29-201(config)# interface 1/1/24
Invalid input: interface
ae6000m-22-29-201(config)# vlan access 707
Invalid input: vlan
ae6000m-22-29-201(config)# description Crestron NVX 360-C
Invalid input: description
ae6000m-22-29-201(config)# write memory

Copying configuration: [\] 
Copying configuration: [|] 
Copying configuration: [/] 
Copying configuration: [-] 
Copying configuration: [\] 
Copying configuration: [|] 
Copying configuration: [/] 
Copying configuration: [-] 
Copying configuration: [\] 
Copying configuration: [|] 
Copying configuration: [/] 
Copying configuration: [-] 
Copying configuration: [\] 
Copying configuration: [|] 
Copying configuration: [/] 
Copying configuration: [-] 
Copying configuration: [\] 
Copying configuration: [Success]
ae6000m-22-29-201(config)# 
ae6000m-22-29-201(config)# 
ae6000m-22-29-201(config)# end
ae6000m-22-29-201# 
ae6000m-22-29-201# exit